bash_output.txt
builtin_script.sh
builtin_tests.sh
clean_script.sh
clean_script.sh.save
empty
empty.txt
find_diff.sh
hehe.txt
incs
libft
Makefile
meow.txt
objs
out
out.txt
parsing_script.sh
pipe_tests.sh
quick_test.sh
quotes_test.sh
redirect_test.sh
run_tests_bash.sh
run_tests.sh
simple_tests.sh
srcs
test_output.txt
valgrind.supressions
val_test.sh
.
..
bash_output.txt
builtin_script.sh
builtin_tests.sh
clean_script.sh
clean_script.sh.save
empty
empty.txt
find_diff.sh
.git
hehe.txt
incs
libft
Makefile
meow.txt
objs
out
out.txt
parsing_script.sh
pipe_tests.sh
quick_test.sh
quotes_test.sh
redirect_test.sh
run_tests_bash.sh
run_tests.sh
simple_tests.sh
srcs
test_output.txt
valgrind.supressions
val_test.sh
test this, this is the test
bash_output.txt
builtin_script.sh
builtin_tests.sh
clean_script.sh
clean_script.sh.save
empty
empty.txt
find_diff.sh
hehe.txt
incs
libft
Makefile
meow.txt
objs
out
out.txt
parsing_script.sh
pipe_tests.sh
quick_test.sh
quotes_test.sh
redirect_test.sh
run_tests_bash.sh
run_tests.sh
simple_tests.sh
srcs
test_output.txt
valgrind.supressions
val_test.sh
6
hello

bash_output.txt
builtin_script.sh
builtin_tests.sh
clean_script.sh
clean_script.sh.save
empty
empty.txt
find_diff.sh
hehe.txt
incs
libft
Makefile
meow.txt
objs
out
out.txt
parsing_script.sh
pipe_tests.sh
quick_test.sh
quotes_test.sh
redirect_test.sh
run_tests_bash.sh
run_tests.sh
simple_tests.sh
srcs
test_output.txt
valgrind.supressions
val_test.sh
wwwweeeeeeee$BTEST
$ATESTwoooooooooooo
'12345'67891011
12345678'91011'121314
'12345'678heloo91011
$HOME
"$HOME"
'/home/araveala'
"$HOME"
'''/home/araveala'''
""/home/araveala""
USER
$USER
USER
$USER
/home/araveala
meow meow
wwweeeeeeeeewwwooooooooooo
$TEST1$TEST2
/home/araveala is where the heart is
-rw-r--r-- 1 araveala 2020      0 Sep 12 16:06 bash_output.txt
-rw-r--r-- 1 araveala 2020      0 Sep 12 15:08 empty.txt
-rw-r--r-- 1 araveala 2020     56 Sep 12 15:08 hehe.txt
-rw-r--r-- 1 araveala 2020     10 Sep 12 15:08 meow.txt
-rw-r--r-- 1 araveala 2020   5506 Sep 12 15:08 out.txt
-rw-r--r-- 1 araveala 2020   1752 Sep 12 16:06 test_output.txt
-rw-r--r-- 1 araveala 2020      0 Sep 12 16:06 bash_output.txt
-rw-r--r-- 1 araveala 2020      0 Sep 12 15:08 empty.txt
-rw-r--r-- 1 araveala 2020     56 Sep 12 15:08 hehe.txt
-rw-r--r-- 1 araveala 2020     10 Sep 12 15:08 meow.txt
-rw-r--r-- 1 araveala 2020   5506 Sep 12 15:08 out.txt
-rw-r--r-- 1 araveala 2020   1752 Sep 12 16:06 test_output.txt
helloooooooooo
meow meow
